Lints for snakefile /home/runner/work/Snakemake-PacBio-Assembly/Snakemake-PacBio-Assembly/reassembly_snakemake.smk:
    * Path composition with '+' in line 24:
      This becomes quickly unreadable. Usually, it is better to endure some
      redundancy against having a more readable workflow. Hence, just repeat
      common prefixes. If path composition is unavoidable, use pathlib or
      (python >= 3.6) string formatting with f"...".

Lints for rule index (line 20, /home/runner/work/Snakemake-PacBio-Assembly/Snakemake-PacBio-Assembly/reassembly_snakemake.smk):
    * No log directive defined:
      Without a log directive, all output will be printed to the terminal. In
      distributed environments, this means that errors are harder to discover.
      In local environments, output of concurrent jobs will be mixed and become
      unreadable.
      Also see:
      https://snakemake.readthedocs.io/en/stable/snakefiles/rules.html#log-files
    * Specify a conda environment or container for each rule.:
      This way, the used software for each specific step is documented, and the
      workflow can be executed on any machine without prerequisites.
      Also see:
      https://snakemake.readthedocs.io/en/latest/snakefiles/deployment.html#integrated-package-management
      https://snakemake.readthedocs.io/en/latest/snakefiles/deployment.html#running-jobs-in-containers
    * Shell command directly uses variable BWA from outside of the rule:
      It is recommended to pass all files as input and output, and non-file
      parameters via the params directive. Otherwise, provenance tracking is
      less accurate.
      Also see:
      https://snakemake.readthedocs.io/en/stable/snakefiles/rules.html#non-file-parameters-for-rules

Lints for rule aln (line 33, /home/runner/work/Snakemake-PacBio-Assembly/Snakemake-PacBio-Assembly/reassembly_snakemake.smk):
    * No log directive defined:
      Without a log directive, all output will be printed to the terminal. In
      distributed environments, this means that errors are harder to discover.
      In local environments, output of concurrent jobs will be mixed and become
      unreadable.
      Also see:
      https://snakemake.readthedocs.io/en/stable/snakefiles/rules.html#log-files
    * Specify a conda environment or container for each rule.:
      This way, the used software for each specific step is documented, and the
      workflow can be executed on any machine without prerequisites.
      Also see:
      https://snakemake.readthedocs.io/en/latest/snakefiles/deployment.html#integrated-package-management
      https://snakemake.readthedocs.io/en/latest/snakefiles/deployment.html#running-jobs-in-containers
    * Shell command directly uses variable BWA from outside of the rule:
      It is recommended to pass all files as input and output, and non-file
      parameters via the params directive. Otherwise, provenance tracking is
      less accurate.
      Also see:
      https://snakemake.readthedocs.io/en/stable/snakefiles/rules.html#non-file-parameters-for-rules
    * Shell command directly uses variable BWA from outside of the rule:
      It is recommended to pass all files as input and output, and non-file
      parameters via the params directive. Otherwise, provenance tracking is
      less accurate.
      Also see:
      https://snakemake.readthedocs.io/en/stable/snakefiles/rules.html#non-file-parameters-for-rules

Lints for rule sampe (line 50, /home/runner/work/Snakemake-PacBio-Assembly/Snakemake-PacBio-Assembly/reassembly_snakemake.smk):
    * No log directive defined:
      Without a log directive, all output will be printed to the terminal. In
      distributed environments, this means that errors are harder to discover.
      In local environments, output of concurrent jobs will be mixed and become
      unreadable.
      Also see:
      https://snakemake.readthedocs.io/en/stable/snakefiles/rules.html#log-files
    * Specify a conda environment or container for each rule.:
      This way, the used software for each specific step is documented, and the
      workflow can be executed on any machine without prerequisites.
      Also see:
      https://snakemake.readthedocs.io/en/latest/snakefiles/deployment.html#integrated-package-management
      https://snakemake.readthedocs.io/en/latest/snakefiles/deployment.html#running-jobs-in-containers
    * Shell command directly uses variable BWA from outside of the rule:
      It is recommended to pass all files as input and output, and non-file
      parameters via the params directive. Otherwise, provenance tracking is
      less accurate.
      Also see:
      https://snakemake.readthedocs.io/en/stable/snakefiles/rules.html#non-file-parameters-for-rules

Lints for rule extract_fasta (line 63, /home/runner/work/Snakemake-PacBio-Assembly/Snakemake-PacBio-Assembly/reassembly_snakemake.smk):
    * No log directive defined:
      Without a log directive, all output will be printed to the terminal. In
      distributed environments, this means that errors are harder to discover.
      In local environments, output of concurrent jobs will be mixed and become
      unreadable.
      Also see:
      https://snakemake.readthedocs.io/en/stable/snakefiles/rules.html#log-files
    * Specify a conda environment or container for each rule.:
      This way, the used software for each specific step is documented, and the
      workflow can be executed on any machine without prerequisites.
      Also see:
      https://snakemake.readthedocs.io/en/latest/snakefiles/deployment.html#integrated-package-management
      https://snakemake.readthedocs.io/en/latest/snakefiles/deployment.html#running-jobs-in-containers
    * Shell command directly uses variable EXTRACT_SCRIPT from outside of the rule:
      It is recommended to pass all files as input and output, and non-file
      parameters via the params directive. Otherwise, provenance tracking is
      less accurate.
      Also see:
      https://snakemake.readthedocs.io/en/stable/snakefiles/rules.html#non-file-parameters-for-rules

Lints for rule combine_fasta (line 73, /home/runner/work/Snakemake-PacBio-Assembly/Snakemake-PacBio-Assembly/reassembly_snakemake.smk):
    * No log directive defined:
      Without a log directive, all output will be printed to the terminal. In
      distributed environments, this means that errors are harder to discover.
      In local environments, output of concurrent jobs will be mixed and become
      unreadable.
      Also see:
      https://snakemake.readthedocs.io/en/stable/snakefiles/rules.html#log-files
    * Specify a conda environment or container for each rule.:
      This way, the used software for each specific step is documented, and the
      workflow can be executed on any machine without prerequisites.
      Also see:
      https://snakemake.readthedocs.io/en/latest/snakefiles/deployment.html#integrated-package-management
      https://snakemake.readthedocs.io/en/latest/snakefiles/deployment.html#running-jobs-in-containers

Lints for rule spades (line 82, /home/runner/work/Snakemake-PacBio-Assembly/Snakemake-PacBio-Assembly/reassembly_snakemake.smk):
    * No log directive defined:
      Without a log directive, all output will be printed to the terminal. In
      distributed environments, this means that errors are harder to discover.
      In local environments, output of concurrent jobs will be mixed and become
      unreadable.
      Also see:
      https://snakemake.readthedocs.io/en/stable/snakefiles/rules.html#log-files
    * Specify a conda environment or container for each rule.:
      This way, the used software for each specific step is documented, and the
      workflow can be executed on any machine without prerequisites.
      Also see:
      https://snakemake.readthedocs.io/en/latest/snakefiles/deployment.html#integrated-package-management
      https://snakemake.readthedocs.io/en/latest/snakefiles/deployment.html#running-jobs-in-containers
    * Shell command directly uses variable SPADES from outside of the rule:
      It is recommended to pass all files as input and output, and non-file
      parameters via the params directive. Otherwise, provenance tracking is
      less accurate.
      Also see:
      https://snakemake.readthedocs.io/en/stable/snakefiles/rules.html#non-file-parameters-for-rules

